2026-07-16 12:19:57,198 - easytorch-launcher - INFO - Launching EasyTorch training.
2026-07-16 12:19:58,196 - easytorch-env - INFO - Use devices 0.
2026-07-16 12:19:58,221 - easytorch-launcher - INFO - Initializing runner "<class 'basicts.runners.runner_zoo.simple_tsf_runner.SimpleTimeSeriesForecastingRunner'>"
2026-07-16 12:19:58,222 - easytorch-env - INFO - Disable TF32 mode
2026-07-16 12:19:58,223 - easytorch - INFO - Set ckpt save dir: 'checkpoints/d2stgnn_h16_pems04/gap4/h32/seed1/ad839a2d432417b0bea065df97951c23'
2026-07-16 12:19:58,223 - easytorch - INFO - Building model.
2026-07-16 12:19:58,412 - easytorch-training - INFO - Initializing training.
2026-07-16 12:19:58,412 - easytorch-training - INFO - Set clip grad, param: {'max_norm': 5.0}
2026-07-16 12:19:58,412 - easytorch-training - INFO - Building training data loader.
2026-07-16 12:19:58,540 - easytorch-training - INFO - Set optim: Adam (
Parameter Group 0
    amsgrad: False
    betas: (0.9, 0.999)
    capturable: False
    decoupled_weight_decay: False
    differentiable: False
    eps: 1e-08
    foreach: None
    fused: None
    lr: 0.002
    maximize: False
    weight_decay: 1e-05
)
2026-07-16 12:19:58,540 - easytorch-training - INFO - Set lr_scheduler: <torch.optim.lr_scheduler.MultiStepLR object at 0x79e79ea867f0>
2026-07-16 12:19:58,542 - easytorch-training - INFO - Initializing validation.
2026-07-16 12:19:58,542 - easytorch-training - INFO - Building val data loader.
2026-07-16 12:19:58,794 - easytorch-training - INFO - Epoch 1 / 200
DESCRIPTION: D2STGNN PeMS04 16→32 gap=4 seed1
RUNNER: <class 'basicts.runners.runner_zoo.simple_tsf_runner.SimpleTimeSeriesForecastingRunner'>
DATASET_CLS: <class 'basicts.data.dataset.TimeSeriesForecastingDataset'>
DATASET_NAME: PEMS04
DATASET_TYPE: Traffic flow
DATASET_INPUT_LEN: 16
DATASET_OUTPUT_LEN: 32
GPU_NUM: 1
NULL_VAL: 0.0
ENV:
  SEED: 1
  CUDNN:
    ENABLED: True
MODEL:
  NAME: D2STGNN
  ARCH: <class 'basicts.archs.arch_zoo.d2stgnn_arch.d2stgnn_arch.D2STGNN'>
  PARAM:
    num_feat: 1
    num_hidden: 32
    dropout: 0.1
    seq_length: 32
    k_t: 3
    k_s: 2
    gap: 4
    num_nodes: 307
    adjs: [tensor([[0., 0., 0.,  ..., 0., 0., 0.],
        [0., 0., 0.,  ..., 0., 0., 0.],
        [0., 0., 0.,  ..., 0., 0., 0.],
        ...,
        [0., 0., 0.,  ..., 0., 0., 0.],
        [0., 0., 0.,  ..., 0., 0., 0.],
        [0., 0., 0.,  ..., 0., 0., 0.]]), tensor([[0., 0., 0.,  ..., 0., 0., 0.],
        [0., 0., 0.,  ..., 0., 0., 0.],
        [0., 0., 0.,  ..., 0., 0., 0.],
        ...,
        [0., 0., 0.,  ..., 0., 0., 0.],
        [0., 0., 0.,  ..., 0., 0., 0.],
        [0., 0., 0.,  ..., 0., 0., 0.]])]
    num_layers: 5
    num_modalities: 2
    node_hidden: 12
    time_emb_dim: 12
    time_in_day_size: 288
    day_in_week_size: 7
    input_seq_len: 16
    output_seq_len: 32
  FORWARD_FEATURES: [0, 1, 2]
  TARGET_FEATURES: [0]
TRAIN:
  NULL_VAL: 0.0
  LOSS: masked_mae
  OPTIM:
    TYPE: Adam
    PARAM:
      lr: 0.002
      weight_decay: 1e-05
      eps: 1e-08
  LR_SCHEDULER:
    TYPE: MultiStepLR
    PARAM:
      milestones: [1, 30, 38, 46, 54, 150]
      gamma: 0.5
  CLIP_GRAD_PARAM:
    max_norm: 5.0
  NUM_EPOCHS: 200
  CKPT_SAVE_DIR: checkpoints/d2stgnn_h16_pems04/gap4/h32/seed1
  DATA:
    DIR: datasets/PEMS04
    BATCH_SIZE: 16
    PREFETCH: False
    SHUFFLE: True
    NUM_WORKERS: 2
    PIN_MEMORY: False
  CL:
    WARM_EPOCHS: 30
    CL_EPOCHS: 3
    PREDICTION_LENGTH: 32
VAL:
  INTERVAL: 1
  DATA:
    DIR: datasets/PEMS04
    BATCH_SIZE: 16
    PREFETCH: False
    SHUFFLE: False
    NUM_WORKERS: 2
    PIN_MEMORY: False
TEST:
  INTERVAL: 1
  DATA:
    DIR: datasets/PEMS04
    BATCH_SIZE: 16
    PREFETCH: False
    SHUFFLE: False
    NUM_WORKERS: 2
    PIN_MEMORY: False
  EVALUATION_HORIZONS: [1, 2, 3, 4, 5, 6, 7, 8, 9, 10, 11, 12, 13, 14, 15, 16, 17, 18, 19, 20, 21, 22, 23, 24, 25, 26, 27, 28, 29, 30, 31, 32]

train len: 10167
val len: 3389
test len: 3389
  0%|          | 0/636 [00:00<?, ?it/s]  0%|          | 0/636 [00:00<?, ?it/s]
2026-07-16 12:19:59,378 - easytorch-training - ERROR - Traceback (most recent call last):
  File "/home/dhz/miniconda3/envs/basicts/lib/python3.9/site-packages/easytorch/launcher/launcher.py", line 31, in training_func
    runner.train(cfg)
  File "/home/dhz/miniconda3/envs/basicts/lib/python3.9/site-packages/easytorch/core/runner.py", line 339, in train
    loss = self.train_iters(epoch, iter_index, data)
  File "/home/dhz/KASA-ST/basicts/runners/base_tsf_runner.py", line 238, in train_iters
    forward_return = list(self.forward(data=data, epoch=epoch, iter_num=iter_num, train=True))
  File "/home/dhz/KASA-ST/basicts/runners/runner_zoo/simple_tsf_runner.py", line 70, in forward
    prediction_data = self.model(history_data=history_data, future_data=future_data_4_dec, batch_seen=iter_num, epoch=epoch, train=train,\
  File "/home/dhz/miniconda3/envs/basicts/lib/python3.9/site-packages/torch/nn/modules/module.py", line 1773, in _wrapped_call_impl
    return self._call_impl(*args, **kwargs)
  File "/home/dhz/miniconda3/envs/basicts/lib/python3.9/site-packages/torch/nn/modules/module.py", line 1784, in _call_impl
    return forward_call(*args, **kwargs)
  File "/home/dhz/KASA-ST/basicts/archs/arch_zoo/d2stgnn_arch/d2stgnn_arch.py", line 169, in forward
    tem_backcast_seq_res, spa_forecast_hidden, tem_forecast_hidden = layer(
  File "/home/dhz/miniconda3/envs/basicts/lib/python3.9/site-packages/torch/nn/modules/module.py", line 1773, in _wrapped_call_impl
    return self._call_impl(*args, **kwargs)
  File "/home/dhz/miniconda3/envs/basicts/lib/python3.9/site-packages/torch/nn/modules/module.py", line 1784, in _call_impl
    return forward_call(*args, **kwargs)
  File "/home/dhz/KASA-ST/basicts/archs/arch_zoo/d2stgnn_arch/d2stgnn_arch.py", line 40, in forward
    dif_backcast_seq_res, dif_forecast_hidden = self.dif_layer(
  File "/home/dhz/miniconda3/envs/basicts/lib/python3.9/site-packages/torch/nn/modules/module.py", line 1773, in _wrapped_call_impl
    return self._call_impl(*args, **kwargs)
  File "/home/dhz/miniconda3/envs/basicts/lib/python3.9/site-packages/torch/nn/modules/module.py", line 1784, in _call_impl
    return forward_call(*args, **kwargs)
  File "/home/dhz/KASA-ST/basicts/archs/arch_zoo/d2stgnn_arch/difusion_block/dif_block.py", line 23, in forward
    Z = self.localized_st_conv(X_spa, dynamic_graph, static_graph)
  File "/home/dhz/miniconda3/envs/basicts/lib/python3.9/site-packages/torch/nn/modules/module.py", line 1773, in _wrapped_call_impl
    return self._call_impl(*args, **kwargs)
  File "/home/dhz/miniconda3/envs/basicts/lib/python3.9/site-packages/torch/nn/modules/module.py", line 1784, in _call_impl
    return forward_call(*args, **kwargs)
  File "/home/dhz/KASA-ST/basicts/archs/arch_zoo/d2stgnn_arch/difusion_block/dif_model.py", line 102, in forward
    hidden = self.gconv(support, X_k, X_0)
  File "/home/dhz/KASA-ST/basicts/archs/arch_zoo/d2stgnn_arch/difusion_block/dif_model.py", line 42, in gconv
    H_k = torch.matmul(graph, X_k)
torch.OutOfMemoryError: CUDA out of memory. Tried to allocate 140.00 MiB. GPU 0 has a total capacity of 23.55 GiB of which 238.62 MiB is free. Process 2769503 has 14.95 GiB memory in use. Process 2932382 has 2.24 GiB memory in use. Including non-PyTorch memory, this process has 6.02 GiB memory in use. Of the allocated memory 5.54 GiB is allocated by PyTorch, and 38.10 MiB is reserved by PyTorch but unallocated. If reserved but unallocated memory is large try setting PYTORCH_CUDA_ALLOC_CONF=expandable_segments:True to avoid fragmentation.  See documentation for Memory Management  (https://pytorch.org/docs/stable/notes/cuda.html#environment-variables)

Traceback (most recent call last):
  File "/home/dhz/KASA-ST/examples/run.py", line 88, in <module>
    main()
  File "/home/dhz/KASA-ST/examples/run.py", line 84, in main
    launch_training(args.cfg, devices)
  File "/home/dhz/KASA-ST/basicts/launcher.py", line 23, in launch_training
    easytorch.launch_training(cfg=cfg, devices=gpus, node_rank=node_rank)
  File "/home/dhz/miniconda3/envs/basicts/lib/python3.9/site-packages/easytorch/launcher/launcher.py", line 86, in launch_training
    train_dist(cfg)
  File "/home/dhz/miniconda3/envs/basicts/lib/python3.9/site-packages/easytorch/launcher/launcher.py", line 35, in training_func
    raise e
  File "/home/dhz/miniconda3/envs/basicts/lib/python3.9/site-packages/easytorch/launcher/launcher.py", line 31, in training_func
    runner.train(cfg)
  File "/home/dhz/miniconda3/envs/basicts/lib/python3.9/site-packages/easytorch/core/runner.py", line 339, in train
    loss = self.train_iters(epoch, iter_index, data)
  File "/home/dhz/KASA-ST/basicts/runners/base_tsf_runner.py", line 238, in train_iters
    forward_return = list(self.forward(data=data, epoch=epoch, iter_num=iter_num, train=True))
  File "/home/dhz/KASA-ST/basicts/runners/runner_zoo/simple_tsf_runner.py", line 70, in forward
    prediction_data = self.model(history_data=history_data, future_data=future_data_4_dec, batch_seen=iter_num, epoch=epoch, train=train,\
  File "/home/dhz/miniconda3/envs/basicts/lib/python3.9/site-packages/torch/nn/modules/module.py", line 1773, in _wrapped_call_impl
    return self._call_impl(*args, **kwargs)
  File "/home/dhz/miniconda3/envs/basicts/lib/python3.9/site-packages/torch/nn/modules/module.py", line 1784, in _call_impl
    return forward_call(*args, **kwargs)
  File "/home/dhz/KASA-ST/basicts/archs/arch_zoo/d2stgnn_arch/d2stgnn_arch.py", line 169, in forward
    tem_backcast_seq_res, spa_forecast_hidden, tem_forecast_hidden = layer(
  File "/home/dhz/miniconda3/envs/basicts/lib/python3.9/site-packages/torch/nn/modules/module.py", line 1773, in _wrapped_call_impl
    return self._call_impl(*args, **kwargs)
  File "/home/dhz/miniconda3/envs/basicts/lib/python3.9/site-packages/torch/nn/modules/module.py", line 1784, in _call_impl
    return forward_call(*args, **kwargs)
  File "/home/dhz/KASA-ST/basicts/archs/arch_zoo/d2stgnn_arch/d2stgnn_arch.py", line 40, in forward
    dif_backcast_seq_res, dif_forecast_hidden = self.dif_layer(
  File "/home/dhz/miniconda3/envs/basicts/lib/python3.9/site-packages/torch/nn/modules/module.py", line 1773, in _wrapped_call_impl
    return self._call_impl(*args, **kwargs)
  File "/home/dhz/miniconda3/envs/basicts/lib/python3.9/site-packages/torch/nn/modules/module.py", line 1784, in _call_impl
    return forward_call(*args, **kwargs)
  File "/home/dhz/KASA-ST/basicts/archs/arch_zoo/d2stgnn_arch/difusion_block/dif_block.py", line 23, in forward
    Z = self.localized_st_conv(X_spa, dynamic_graph, static_graph)
  File "/home/dhz/miniconda3/envs/basicts/lib/python3.9/site-packages/torch/nn/modules/module.py", line 1773, in _wrapped_call_impl
    return self._call_impl(*args, **kwargs)
  File "/home/dhz/miniconda3/envs/basicts/lib/python3.9/site-packages/torch/nn/modules/module.py", line 1784, in _call_impl
    return forward_call(*args, **kwargs)
  File "/home/dhz/KASA-ST/basicts/archs/arch_zoo/d2stgnn_arch/difusion_block/dif_model.py", line 102, in forward
    hidden = self.gconv(support, X_k, X_0)
  File "/home/dhz/KASA-ST/basicts/archs/arch_zoo/d2stgnn_arch/difusion_block/dif_model.py", line 42, in gconv
    H_k = torch.matmul(graph, X_k)
torch.OutOfMemoryError: CUDA out of memory. Tried to allocate 140.00 MiB. GPU 0 has a total capacity of 23.55 GiB of which 238.62 MiB is free. Process 2769503 has 14.95 GiB memory in use. Process 2932382 has 2.24 GiB memory in use. Including non-PyTorch memory, this process has 6.02 GiB memory in use. Of the allocated memory 5.54 GiB is allocated by PyTorch, and 38.10 MiB is reserved by PyTorch but unallocated. If reserved but unallocated memory is large try setting PYTORCH_CUDA_ALLOC_CONF=expandable_segments:True to avoid fragmentation.  See documentation for Memory Management  (https://pytorch.org/docs/stable/notes/cuda.html#environment-variables)
